
> gptmail-console@0.9.2 test
> vitest run --environment jsdom src/features/admin/components/APIRateLimitSettingsPanel.test.tsx -t adopts the newest|clears a resolved


 RUN  v4.1.8 /home/x/project/github/HloolMail/web

 ❯ src/features/admin/components/APIRateLimitSettingsPanel.test.tsx (13 tests | 2 failed | 11 skipped) 336ms
     × adopts the newest snapshot when edits return to the old baseline 203ms
     × clears a resolved conflict when a clean draft adopts a newer snapshot 131ms

 Test Files  1 failed (1)
      Tests  2 failed | 11 skipped (13)
   Start at  19:14:22
   Duration  39.84s (transform 752ms, setup 82ms, import 2.28s, tests 336ms, environment 35.18s)


⎯⎯⎯⎯⎯⎯⎯ Failed Tests 2 ⎯⎯⎯⎯⎯⎯⎯

 FAIL  src/features/admin/components/APIRateLimitSettingsPanel.test.tsx > APIRateLimitSettingsPanel > adopts the newest snapshot when edits return to the old baseline
AssertionError: expected '2' to be '30' // Object.is equality

Expected: "30"
Received: "2"

 ❯ src/features/admin/components/APIRateLimitSettingsPanel.test.tsx:198:33
    196|     await interact(() => client.setQueryData(queryKeys.admin.rateLimit…
    197|     await interact(() => change('mail', '2'));
    198|     expect(input('mail').value).toBe('30');
       |                                 ^
    199|     expect(action(1).disabled).toBe(true);
    200|     expect(action(2).disabled).toBe(true);

⎯⎯⎯⎯⎯⎯⎯⎯⎯⎯⎯⎯⎯⎯⎯⎯⎯⎯⎯⎯⎯⎯⎯⎯[1/2]⎯

 FAIL  src/features/admin/components/APIRateLimitSettingsPanel.test.tsx > APIRateLimitSettingsPanel > clears a resolved conflict when a clean draft adopts a newer snapshot
AssertionError: expected <div …(2)>…(2)</div> to be null

- Expected:
null

+ Received:
<div
  class="admin-risk admin-risk-warning"
  role="alert"
>
  <span>
    Another administrator updated these settings. Your input is preserved. Load the latest settings before reviewing your changes.
  </span>
  <button
    class="btn-secondary"
    type="button"
  >
    Discard changes and load latest settings
  </button>
</div>

 ❯ src/features/admin/components/APIRateLimitSettingsPanel.test.tsx:219:50
    217|     await interact(() => client.setQueryData(queryKeys.admin.rateLimit…
    218|     expect(input('mail').value).toBe('40');
    219|     expect(host.querySelector('[role="alert"]')).toBeNull();
       |                                                  ^
    220|     await interact(() => change('mail', '60'));
    221|     expect(action(2).disabled).toBe(false);

⎯⎯⎯⎯⎯⎯⎯⎯⎯⎯⎯⎯⎯⎯⎯⎯⎯⎯⎯⎯⎯⎯⎯⎯[2/2]⎯
